C51 COMPILER V9.60.7.0   FACTORIAL                                                         05/14/2025 10:16:07 PAGE 1   


C51 COMPILER V9.60.7.0, COMPILATION OF MODULE FACTORIAL
OBJECT MODULE PLACED IN .\Objects\factorial.obj
COMPILER INVOKED BY: C:\Keil_v5\C51\BIN\C51.EXE factorial.c OPTIMIZE(8,SPEED) BROWSE DEBUG OBJECTEXTEND PRINT(.\Listings
                    -\factorial.lst) TABS(2) OBJECT(.\Objects\factorial.obj)

line level    source

   1          #include <reg51.h>
   2          
   3          void main() {
   4   1          unsigned int i;
   5   1          unsigned char num = 12; 
   6   1          unsigned long factorial = 1;
   7   1      
   8   1          for (i = 1; i <= num; i++) {
   9   2              factorial *= i;
  10   2          }
  11   1          P0 = (unsigned char)(factorial & 0xFF);           
  12   1          P1 = (unsigned char)((factorial >> 8) & 0xFF);
  13   1          P2 = (unsigned char)((factorial >> 16) & 0xFF);
  14   1          P3 = (unsigned char)((factorial >> 24) & 0xFF);   
  15   1          while(1); 
  16   1      }


MODULE INFORMATION:   STATIC OVERLAYABLE
   CODE SIZE        =    111    ----
   CONSTANT SIZE    =   ----    ----
   XDATA SIZE       =   ----    ----
   PDATA SIZE       =   ----    ----
   DATA SIZE        =   ----       5
   IDATA SIZE       =   ----    ----
   BIT SIZE         =   ----    ----
END OF MODULE INFORMATION.


C51 COMPILATION COMPLETE.  0 WARNING(S),  0 ERROR(S)
